<?xml version="1.0" encoding="UTF-8"?>
<testng-results ignored="0" total="11" passed="11" failed="0" skipped="0">
  <reporter-output>
  </reporter-output>
  <suite started-at="2023-10-25T17:25:32 IST" name="Test case suite e-commerce application" finished-at="2023-10-25T17:30:15 IST" duration-ms="283032">
    <groups>
      <group name="regression">
        <method signature="QKART_Tests.TestCase04()[pri:4, instance:QKART_TESTNG.QKART_Tests@38922671]" name="TestCase04" class="QKART_TESTNG.QKART_Tests"/>
        <method signature="QKART_Tests.TestCase06(java.lang.String,java.lang.String,java.lang.String,java.lang.String,java.lang.String)[pri:6, instance:QKART_TESTNG.QKART_Tests@38922671]" name="TestCase06" class="QKART_TESTNG.QKART_Tests"/>
        <method signature="QKART_Tests.TestCase08()[pri:8, instance:QKART_TESTNG.QKART_Tests@38922671]" name="TestCase08" class="QKART_TESTNG.QKART_Tests"/>
        <method signature="QKART_Tests.TestCase09()[pri:9, instance:QKART_TESTNG.QKART_Tests@38922671]" name="TestCase09" class="QKART_TESTNG.QKART_Tests"/>
        <method signature="QKART_Tests.TestCase10()[pri:10, instance:QKART_TESTNG.QKART_Tests@38922671]" name="TestCase10" class="QKART_TESTNG.QKART_Tests"/>
      </group> <!-- regression -->
      <group name="sanity">
        <method signature="QKART_Tests.TestCase01(java.lang.String,java.lang.String)[pri:1, instance:QKART_TESTNG.QKART_Tests@38922671]" name="TestCase01" class="QKART_TESTNG.QKART_Tests"/>
        <method signature="QKART_Tests.TestCase02()[pri:2, instance:QKART_TESTNG.QKART_Tests@38922671]" name="TestCase02" class="QKART_TESTNG.QKART_Tests"/>
        <method signature="QKART_Tests.TestCase03()[pri:3, instance:QKART_TESTNG.QKART_Tests@38922671]" name="TestCase03" class="QKART_TESTNG.QKART_Tests"/>
        <method signature="QKART_Tests.TestCase05(java.lang.String,java.lang.String,java.lang.String,java.lang.String,java.lang.String)[pri:5, instance:QKART_TESTNG.QKART_Tests@38922671]" name="TestCase05" class="QKART_TESTNG.QKART_Tests"/>
        <method signature="QKART_Tests.TestCase07(java.lang.String,java.lang.String,java.lang.String,java.lang.String)[pri:7, instance:QKART_TESTNG.QKART_Tests@38922671]" name="TestCase07" class="QKART_TESTNG.QKART_Tests"/>
        <method signature="QKART_Tests.TestCase11()[pri:11, instance:QKART_TESTNG.QKART_Tests@38922671]" name="TestCase11" class="QKART_TESTNG.QKART_Tests"/>
      </group> <!-- sanity -->
    </groups>
    <test started-at="2023-10-25T17:25:32 IST" name="Test case execution on Chrome browser" finished-at="2023-10-25T17:30:15 IST" duration-ms="283032">
      <class name="QKART_TESTNG.QKART_Tests">
        <test-method is-config="true" signature="createDriver()[pri:0, instance:QKART_TESTNG.QKART_Tests@38922671]" started-at="2023-10-25T17:25:30 IST" name="createDriver" finished-at="2023-10-25T17:25:32 IST" duration-ms="2018" status="PASS">
          <reporter-output>
          </reporter-output>
        </test-method> <!-- createDriver -->
        <test-method signature="TestCase01(java.lang.String,java.lang.String)[pri:1, instance:QKART_TESTNG.QKART_Tests@38922671]" started-at="2023-10-25T17:25:32 IST" name="TestCase01" description="Verify registration happens correctly" finished-at="2023-10-25T17:25:43 IST" duration-ms="10886" status="PASS">
          <params>
            <param index="0">
              <value>
                <![CDATA[testUser]]>
              </value>
            </param>
            <param index="1">
              <value>
                <![CDATA[abc@123]]>
              </value>
            </param>
          </params>
          <reporter-output>
          </reporter-output>
        </test-method> <!-- TestCase01 -->
        <test-method signature="TestCase02()[pri:2, instance:QKART_TESTNG.QKART_Tests@38922671]" started-at="2023-10-25T17:25:43 IST" name="TestCase02" description="Verify re-registering an already registered user fails" finished-at="2023-10-25T17:26:20 IST" duration-ms="36949" status="PASS">
          <reporter-output>
          </reporter-output>
        </test-method> <!-- TestCase02 -->
        <test-method signature="TestCase03()[pri:3, instance:QKART_TESTNG.QKART_Tests@38922671]" started-at="2023-10-25T17:26:20 IST" name="TestCase03" description="Verify the functionality of search text box" finished-at="2023-10-25T17:27:00 IST" duration-ms="40422" status="PASS">
          <reporter-output>
          </reporter-output>
        </test-method> <!-- TestCase03 -->
        <test-method signature="TestCase04()[pri:4, instance:QKART_TESTNG.QKART_Tests@38922671]" started-at="2023-10-25T17:27:00 IST" name="TestCase04" description="Verify the existence of size chart for certain items and validate contents of size chart" finished-at="2023-10-25T17:27:24 IST" duration-ms="23779" status="PASS">
          <reporter-output>
          </reporter-output>
        </test-method> <!-- TestCase04 -->
        <test-method signature="TestCase05(java.lang.String,java.lang.String,java.lang.String,java.lang.String,java.lang.String)[pri:5, instance:QKART_TESTNG.QKART_Tests@38922671]" started-at="2023-10-25T17:27:24 IST" name="TestCase05" description="Verify that a new user can add multiple products in to the cart and Checkout" finished-at="2023-10-25T17:27:57 IST" duration-ms="32547" status="PASS">
          <params>
            <param index="0">
              <value>
                <![CDATA[testUser]]>
              </value>
            </param>
            <param index="1">
              <value>
                <![CDATA[abc@123]]>
              </value>
            </param>
            <param index="2">
              <value>
                <![CDATA[YONEX Smash Badminton Racquet]]>
              </value>
            </param>
            <param index="3">
              <value>
                <![CDATA[Tan Leatherette Weekender Duffle]]>
              </value>
            </param>
            <param index="4">
              <value>
                <![CDATA[Addr line 1 addr Line 2 addr line 3]]>
              </value>
            </param>
          </params>
          <reporter-output>
          </reporter-output>
        </test-method> <!-- TestCase05 -->
        <test-method signature="TestCase06(java.lang.String,java.lang.String,java.lang.String,java.lang.String,java.lang.String)[pri:6, instance:QKART_TESTNG.QKART_Tests@38922671]" started-at="2023-10-25T17:27:57 IST" name="TestCase06" description="Verify that the contents of the cart can be edited" finished-at="2023-10-25T17:28:37 IST" duration-ms="39969" status="PASS">
          <params>
            <param index="0">
              <value>
                <![CDATA[testUser]]>
              </value>
            </param>
            <param index="1">
              <value>
                <![CDATA[abc@123]]>
              </value>
            </param>
            <param index="2">
              <value>
                <![CDATA[Xtend Smart Watch]]>
              </value>
            </param>
            <param index="3">
              <value>
                <![CDATA[Yarine Floor Lamp]]>
              </value>
            </param>
            <param index="4">
              <value>
                <![CDATA[Addr line 1 addr Line 2 addr line 3]]>
              </value>
            </param>
          </params>
          <reporter-output>
          </reporter-output>
        </test-method> <!-- TestCase06 -->
        <test-method signature="TestCase07(java.lang.String,java.lang.String,java.lang.String,java.lang.String)[pri:7, instance:QKART_TESTNG.QKART_Tests@38922671]" started-at="2023-10-25T17:28:37 IST" name="TestCase07" description="Verify that insufficient balance error is thrown when the wallet balance is not enough" finished-at="2023-10-25T17:29:13 IST" duration-ms="35843" status="PASS">
          <params>
            <param index="0">
              <value>
                <![CDATA[testUser]]>
              </value>
            </param>
            <param index="1">
              <value>
                <![CDATA[abc@123]]>
              </value>
            </param>
            <param index="2">
              <value>
                <![CDATA[Stylecon 9 Seater RHS Sofa Set ]]>
              </value>
            </param>
            <param index="3">
              <value>
                <![CDATA[Addr line 1 addr Line 2 addr line 3]]>
              </value>
            </param>
          </params>
          <reporter-output>
          </reporter-output>
        </test-method> <!-- TestCase07 -->
        <test-method signature="TestCase08()[pri:8, instance:QKART_TESTNG.QKART_Tests@38922671]" started-at="2023-10-25T17:29:13 IST" name="TestCase08" description="Verify that a product added to a cart is available when a new tab is added" finished-at="2023-10-25T17:29:33 IST" duration-ms="20538" status="PASS">
          <reporter-output>
          </reporter-output>
        </test-method> <!-- TestCase08 -->
        <test-method signature="TestCase09()[pri:9, instance:QKART_TESTNG.QKART_Tests@38922671]" started-at="2023-10-25T17:29:33 IST" name="TestCase09" description="Verify that privacy policy and about us links are working fine" finished-at="2023-10-25T17:29:44 IST" duration-ms="10991" status="PASS">
          <reporter-output>
          </reporter-output>
        </test-method> <!-- TestCase09 -->
        <test-method signature="TestCase10()[pri:10, instance:QKART_TESTNG.QKART_Tests@38922671]" started-at="2023-10-25T17:29:44 IST" name="TestCase10" description="Verify that the contact us dialog works fine" finished-at="2023-10-25T17:29:47 IST" duration-ms="2771" status="PASS">
          <reporter-output>
          </reporter-output>
        </test-method> <!-- TestCase10 -->
        <test-method signature="TestCase11()[pri:11, instance:QKART_TESTNG.QKART_Tests@38922671]" started-at="2023-10-25T17:29:47 IST" name="TestCase11" description="Ensure that the Advertisement Links on the QKART page are clickable" finished-at="2023-10-25T17:30:15 IST" duration-ms="28206" status="PASS">
          <reporter-output>
          </reporter-output>
        </test-method> <!-- TestCase11 -->
        <test-method is-config="true" signature="quitDriver()[pri:0, instance:QKART_TESTNG.QKART_Tests@38922671]" started-at="2023-10-25T17:30:15 IST" name="quitDriver" finished-at="2023-10-25T17:30:15 IST" duration-ms="63" status="PASS">
          <reporter-output>
          </reporter-output>
        </test-method> <!-- quitDriver -->
      </class> <!-- QKART_TESTNG.QKART_Tests -->
    </test> <!-- Test case execution on Chrome browser -->
  </suite> <!-- Test case suite e-commerce application -->
</testng-results>
